ORDER_ID=order_1790006622407

CommitOnce — guarded SPL TransferChecked
  rpc              https://api.devnet.solana.com
  authority        25TUohqYd5b6f97wc5CjMwj89ZVL8oX81nhkWVHimYpY
  mint             ZYec2DuEsMWLno6hdz5gJU1BmDH2DFy5E6mBDSx5Qkn (decimals 6)
  recipient        FCgzWhWeHAznER6Pmd4DB3b5TkdTfcqCtYkJfh9RZTVb
  amount           1000000 base units
  source ATA       CViiBvhaMRRMP2hhpSfYiN9ipj3DBE88jXfYVVCwGpu2
  destination ATA  4s6JwfjdVVfujvwXiM7psriYp37UmZzxS3QaTJjHN36o
  namespace        examples:spl-transfer
  idempotencyKey   order_1790006622407
  receipt PDA      C6QCakxMJSxFFguAtUD62YQCocRDVuPB39ntipH9Xj3m
  retention        86400s

Instruction order in the guarded transaction:
  0. compute budget  SetComputeUnitPrice   (transport only)
  1. commit_once     claim                 (the guard)
  2. ATA program     CreateIdempotent      (destination ATA, if absent)
  3. SPL Token       TransferChecked       (the business instruction)

[attempt -  ] submit    guarded transfer, up to 3 attempts
[attempt 1  ] send      phase 1 blockhash=HgTmVzqp… priorityFee=1000µLamports sig=mbVK7cHA…
[attempt 1  ] committed signature=mbVK7cHAdt7e553bgU5wsQGBYCb8rzWAuM4jWGhnBW3cYAEL3wCQrjes7ndkZMxRGwEBE9JwdDw4Dr84PNMrQ4F

[attempt -  ] replay    phase 2 — same intent, rebuilt transaction, same idempotency key
[attempt 1  ] send      phase 2 blockhash=EBXMaF8B… priorityFee=1000µLamports sig=3p2XSem8…
[attempt 1  ] blocked   AlreadyCommitted (code 6000) — duplicate blocked, no ATA rent paid and no tokens moved

Result
  phase 1               committed after 1 attempt(s)
  phase 2               duplicate-blocked after 1 attempt(s)
  source before/after   999000000 -> 998000000
  destination before    1000000
  destination after     2000000
  delta                 1000000 base units (one transfer, not two)
  receipt status        committed
  receipt matches       true (true means the stored fingerprint is this same intent)
