[01:26:40] CommitOnce — full receipt lifecycle on https://api.devnet.solana.com (4.3.0-rc.0)
[01:26:40] authority 25TUohqYd5b6f97wc5CjMwj89ZVL8oX81nhkWVHimYpY

[01:26:40] 1. claim  receipt=C36jAfGdeBmJxZApU6YdxogS7fEmyEHQkFEPUujWJTwJ  retention=3600s
[01:26:40]           refund destination FXske8PeMSNKxXzMEGBVqFgB8SkYpEZtqEiCjNjA22HS
[01:26:40]    committed 5zR9GLz13ew9ApDJM7HQwfGmZq8bryymTcoPMeTuv37A4mMtemTEtoXXpJZgG88YU8w3FCnugECfAthZ4J1ChdFb
[01:26:41]    receipt holds 1676400 lamports; refund destination has 0

[01:26:41] 2. waiting for the retention window to pass (3600s)
[01:27:12]    30s elapsed; receipt still present (as it must be)
[01:27:42]    61s elapsed; receipt still present (as it must be)
[01:28:13]    91s elapsed; receipt still present (as it must be)
[01:28:43]    122s elapsed; receipt still present (as it must be)
[01:29:14]    152s elapsed; receipt still present (as it must be)
[01:29:44]    183s elapsed; receipt still present (as it must be)
[01:30:15]    213s elapsed; receipt still present (as it must be)
[01:30:46]    244s elapsed; receipt still present (as it must be)
[01:31:16]    274s elapsed; receipt still present (as it must be)
[01:31:46]    305s elapsed; receipt still present (as it must be)
[01:32:17]    335s elapsed; receipt still present (as it must be)
[01:32:48]    366s elapsed; receipt still present (as it must be)
[01:33:18]    396s elapsed; receipt still present (as it must be)
[01:33:49]    427s elapsed; receipt still present (as it must be)
[01:34:21]    458s elapsed; receipt still present (as it must be)
[01:34:52]    490s elapsed; receipt still present (as it must be)
[01:35:22]    521s elapsed; receipt still present (as it must be)
[01:35:53]    551s elapsed; receipt still present (as it must be)
[01:36:23]    582s elapsed; receipt still present (as it must be)
[01:36:54]    612s elapsed; receipt still present (as it must be)
[01:37:24]    643s elapsed; receipt still present (as it must be)
[01:37:55]    673s elapsed; receipt still present (as it must be)
[01:38:26]    704s elapsed; receipt still present (as it must be)
[01:38:56]    734s elapsed; receipt still present (as it must be)
[01:39:27]    765s elapsed; receipt still present (as it must be)
[01:39:57]    795s elapsed; receipt still present (as it must be)
[01:40:28]    826s elapsed; receipt still present (as it must be)
[01:40:58]    857s elapsed; receipt still present (as it must be)
[01:41:29]    887s elapsed; receipt still present (as it must be)
[01:41:59]    918s elapsed; receipt still present (as it must be)
[01:42:30]    948s elapsed; receipt still present (as it must be)
[01:43:00]    979s elapsed; receipt still present (as it must be)
[01:43:31]    1009s elapsed; receipt still present (as it must be)
[01:44:01]    1040s elapsed; receipt still present (as it must be)
[01:44:33]    1070s elapsed; receipt still present (as it must be)
[01:45:03]    1102s elapsed; receipt still present (as it must be)
[01:45:34]    1132s elapsed; receipt still present (as it must be)
[01:46:05]    1163s elapsed; receipt still present (as it must be)
[01:46:35]    1193s elapsed; receipt still present (as it must be)
[01:47:06]    1224s elapsed; receipt still present (as it must be)
[01:47:36]    1254s elapsed; receipt still present (as it must be)
[01:48:07]    1285s elapsed; receipt still present (as it must be)
[01:48:37]    1316s elapsed; receipt still present (as it must be)
[01:49:08]    1346s elapsed; receipt still present (as it must be)
[01:49:38]    1377s elapsed; receipt still present (as it must be)
[01:50:09]    1407s elapsed; receipt still present (as it must be)
[01:50:40]    1438s elapsed; receipt still present (as it must be)
[01:51:10]    1468s elapsed; receipt still present (as it must be)
[01:51:41]    1499s elapsed; receipt still present (as it must be)
[01:52:11]    1529s elapsed; receipt still present (as it must be)
[01:52:42]    1560s elapsed; receipt still present (as it must be)
[01:53:12]    1591s elapsed; receipt still present (as it must be)
[01:53:43]    1621s elapsed; receipt still present (as it must be)
[01:54:13]    1652s elapsed; receipt still present (as it must be)
[01:54:44]    1682s elapsed; receipt still present (as it must be)
[01:55:14]    1713s elapsed; receipt still present (as it must be)
[01:55:45]    1743s elapsed; receipt still present (as it must be)
[01:56:16]    1774s elapsed; receipt still present (as it must be)
[01:56:46]    1804s elapsed; receipt still present (as it must be)
[01:57:17]    1835s elapsed; receipt still present (as it must be)
[01:57:47]    1866s elapsed; receipt still present (as it must be)
[01:58:18]    1896s elapsed; receipt still present (as it must be)
[01:58:48]    1927s elapsed; receipt still present (as it must be)
[01:59:19]    1957s elapsed; receipt still present (as it must be)
[01:59:50]    1988s elapsed; receipt still present (as it must be)
[02:00:20]    2018s elapsed; receipt still present (as it must be)
[02:00:51]    2049s elapsed; receipt still present (as it must be)
[02:01:21]    2079s elapsed; receipt still present (as it must be)
[02:01:52]    2110s elapsed; receipt still present (as it must be)
[02:02:22]    2140s elapsed; receipt still present (as it must be)
[02:02:53]    2171s elapsed; receipt still present (as it must be)
[02:03:23]    2202s elapsed; receipt still present (as it must be)
[02:03:54]    2232s elapsed; receipt still present (as it must be)
[02:04:24]    2263s elapsed; receipt still present (as it must be)
[02:04:55]    2293s elapsed; receipt still present (as it must be)
[02:05:25]    2324s elapsed; receipt still present (as it must be)
[02:05:56]    2354s elapsed; receipt still present (as it must be)
[02:06:26]    2385s elapsed; receipt still present (as it must be)
[02:06:57]    2415s elapsed; receipt still present (as it must be)
[02:07:28]    2446s elapsed; receipt still present (as it must be)
[02:07:58]    2476s elapsed; receipt still present (as it must be)
[02:08:29]    2507s elapsed; receipt still present (as it must be)
[02:08:59]    2537s elapsed; receipt still present (as it must be)
[02:09:30]    2568s elapsed; receipt still present (as it must be)
[02:10:00]    2598s elapsed; receipt still present (as it must be)
[02:10:31]    2629s elapsed; receipt still present (as it must be)
[02:11:01]    2660s elapsed; receipt still present (as it must be)
[02:11:32]    2690s elapsed; receipt still present (as it must be)
[02:12:03]    2721s elapsed; receipt still present (as it must be)
[02:12:34]    2752s elapsed; receipt still present (as it must be)
[02:13:04]    2783s elapsed; receipt still present (as it must be)
[02:13:35]    2813s elapsed; receipt still present (as it must be)
[02:14:06]    2844s elapsed; receipt still present (as it must be)
[02:14:36]    2875s elapsed; receipt still present (as it must be)
[02:15:07]    2905s elapsed; receipt still present (as it must be)
[02:15:38]    2936s elapsed; receipt still present (as it must be)
[02:16:08]    2966s elapsed; receipt still present (as it must be)
[02:16:41]    2997s elapsed; receipt still present (as it must be)
[02:17:11]    3030s elapsed; receipt still present (as it must be)
[02:17:42]    3060s elapsed; receipt still present (as it must be)
[02:18:13]    3091s elapsed; receipt still present (as it must be)
[02:18:43]    3122s elapsed; receipt still present (as it must be)
[02:19:14]    3152s elapsed; receipt still present (as it must be)
[02:19:44]    3183s elapsed; receipt still present (as it must be)
[02:20:16]    3213s elapsed; receipt still present (as it must be)
[02:20:47]    3244s elapsed; receipt still present (as it must be)
[02:21:19]    3276s elapsed; receipt still present (as it must be)
[02:21:49]    3307s elapsed; receipt still present (as it must be)
[02:22:20]    3338s elapsed; receipt still present (as it must be)
[02:22:51]    3369s elapsed; receipt still present (as it must be)
[02:23:21]    3399s elapsed; receipt still present (as it must be)
[02:23:52]    3430s elapsed; receipt still present (as it must be)
[02:24:22]    3461s elapsed; receipt still present (as it must be)
[02:24:53]    3491s elapsed; receipt still present (as it must be)
[02:25:24]    3522s elapsed; receipt still present (as it must be)
[02:25:54]    3552s elapsed; receipt still present (as it must be)
[02:26:25]    3583s elapsed; receipt still present (as it must be)
[02:26:56]    3614s elapsed; receipt still present (as it must be)
[02:27:26]    3644s elapsed; receipt still present (as it must be)
[02:27:57]    3675s elapsed; receipt still present (as it must be)
[02:28:27]    3706s elapsed; receipt still present (as it must be)
[02:28:58]    3736s elapsed; receipt still present (as it must be)
[02:29:29]    3767s elapsed; receipt still present (as it must be)
[02:30:00]    3797s elapsed; receipt still present (as it must be)
[02:30:30]    3829s elapsed; receipt still present (as it must be)
[02:31:01]    3859s elapsed; receipt still present (as it must be)
[02:31:32]    3890s elapsed; receipt still present (as it must be)
[02:32:02]    3920s elapsed; receipt still present (as it must be)
[02:32:33]    3951s elapsed; receipt still present (as it must be)
[02:33:03]    3982s elapsed; receipt still present (as it must be)
[02:33:34]    4012s elapsed; receipt still present (as it must be)
[02:34:05]    4043s elapsed; receipt still present (as it must be)
[02:34:35]    4074s elapsed; receipt still present (as it must be)
[02:35:06]    4104s elapsed; receipt still present (as it must be)
[02:35:37]    4135s elapsed; receipt still present (as it must be)
[02:36:07]    4165s elapsed; receipt still present (as it must be)
[02:36:38]    4196s elapsed; receipt still present (as it must be)
[02:37:08]    4226s elapsed; receipt still present (as it must be)
[02:37:39]    4257s elapsed; receipt still present (as it must be)
[02:38:09]    4288s elapsed; receipt still present (as it must be)
[02:38:40]    4318s elapsed; receipt still present (as it must be)
[02:39:11]    4349s elapsed; receipt still present (as it must be)
[02:39:41]    4379s elapsed; receipt still present (as it must be)
[02:40:12]    4410s elapsed; receipt still present (as it must be)
[02:40:42]    4440s elapsed; receipt still present (as it must be)
[02:41:13]    4471s elapsed; receipt still present (as it must be)
[02:41:43]    4502s elapsed; receipt still present (as it must be)
[02:41:43] 3. close_receipt
[02:41:44]    closed g9Q3sn1YuX91mzYTzaU1WHEsTuL54rFjgJhWg9jcKitt19GnmKM1HTutvrXzsoAnKhzZ628ovjDH5U1mtVTRCbm

[02:41:44]    receipt account gone   true
[02:41:44]    refund destination     0 -> 1676400
[02:41:44]    refunded               1676400 lamports
[02:41:44]    the deposit was        1676400 lamports

[02:41:44] VERIFIED: the receipt closed and the full deposit reached the configured destination.
